cd /opt/android-ndk/
bash build/tools/make-standalone-toolchain.sh --arch=arm --platform=android-18 --toolchain=arm-linux-androideabi-4.9 --install-dir=/opt/android/standalone-toolchain/gcc-4.9-android-18

/opt/android-ndk/build/tools/make-standalone-toolchain.sh \
  --arch=arm \
  --platform=android-18 \
  --toolchain=arm-linux-androideabi-4.9 \
  --install-dir=/opt/android/standalone-toolchain/android-18

### http://developer.android.com/ndk/guides/standalone_toolchain.html

=== https://github.com/MysticTreeGames/Boost-for-Android.git

/opt/android-ndk/build/tools/make-standalone-toolchain.sh --platform=android-9 --install-dir=$HOME/android/standalone/toolchain

$NDK/build/tools/make-standalone-toolchain.sh \
    --platform=android-9 --toolchain=arm-linux-androideabi-4.6 \
    --install-dir=`pwd`/android-toolchain-arm

$ /opt/android-ndk/r10/build/tools/make-standalone-toolchain.sh \
  --arch=arm \
  --platform=android-12 \
  --toolchain=arm-linux-androideabi-4.8 \
  --install-dir=/opt/android-ndk/standalone/toolchain/android-12

### ### ###

USING THE ANDROID TOOLCHAIN AS A STANDALONE COMPILER
### http://www.cnblogs.com/qq78292959/archive/2011/11/02/2232965.html

Port glib to android
### http://mathslinux.org/?p=268
libiconv
gettext
libffi
glib
$ gl_cv_header_working_stdint_h=yes ./configure --prefix="${SYSROOT}/usr" --host=arm-linux-androideabi CFLAGS="--sysroot $SYSROOT" --enable-static
$ make -j5
$ make install
#
# glib
#### file android.cache
ac_cv_type_long_long=yes
glib_cv_stack_grows=no
glib_cv_uscore=no
ac_cv_func_posix_getpwuid_r=no
ac_cv_func_posix_getgrgid_r=no
##############################
$ ./configure --prefix="${SYSROOT}/usr" --host=arm-linux-androideabi CFLAGS="--sysroot $SYSROOT" --enable-static --cache-file=android.cache --disable-modular-tests

#
# C++ wchar_t/RTTI/exception
### http://blog.csdn.net/smfwuxiao/article/details/6587709

http://wiki.libsdl.org/Android
https://vec.io/posts/how-to-build-ffmpeg-with-android-ndk
http://www.kandroid.org/ndk/docs/STANDALONE-TOOLCHAIN.html

https://github.com/MysticTreeGames/Boost-for-Android
https://www.crystax.net/android/ndk.php
http://stackoverflow.com/questions/14036311/official-boost-library-support-for-android-and-ios

=== ...arm-linux-androideabi/bin/ld: error: cannot find -lrt
### Jamroot
# librt.a
lib rt : empty.c : <link>static ;

cp -t /opt/android-ndk/standalone/toolchain/android-12/sysroot/usr/lib ...librt.a

===
> build/tools/make_standalone_toolchain.py -h                               /opt/android/ndk
usage: make_standalone_toolchain.py [-h] --arch
                                    {arm,arm64,mips,mips64,x86,x86_64}
                                    [--api API]
                                    [--stl {gnustl,libc++,stlport}] [--force]
                                    [-v]
                                    [--package-dir PACKAGE_DIR | --install-dir INSTALL_DIR]

Creates a toolchain installation for a given Android target. The output of
this tool is a more typical cross-compiling toolchain. It is indended to be
used with existing build systems such as autotools.

optional arguments:
  -h, --help            show this help message and exit
  --arch {arm,arm64,mips,mips64,x86,x86_64}
  --api API             Target the given API version.
  --stl {gnustl,libc++,stlport}
                        C++ STL to use.
  --force               Remove existing installation directory if it exists.
  -v, --verbose         Increase output verbosity.
  --package-dir PACKAGE_DIR
                        Build a tarball and install it to the given directory.
                        If neither --package-dir nor --install-dir is
                        specified, a tarball will be created and installed to
                        the current directory.
  --install-dir INSTALL_DIR
                        Install toolchain to the given directory instead of
                        packaging.

